<html>
<body>
<pre>
<h1>µVision Build Log</h1>
<h2>Project:</h2>
C:\Users\Owner\Documents\GitHub\se350\Target1.uvproj
Project File Date:  01/29/2013

<h2>Output:</h2>
Build target 'HelloWorld SIM'
assembling startup_LPC17xx.s...
compiling system_LPC17xx.c...
compiling uart_polling.c...
compiling main.c...
main.c(90): warning:  #223-D: function "process_init" declared implicitly
compiling process.c...
process.c(38): warning:  #223-D: function "s_request_memory_block" declared implicitly
process.c(139): warning:  #177-D: variable "top" was declared but never referenced
process.c(349): warning:  #1-D: last line of file ends without a newline
compiling HAL.c...
compiling user_proc.c...
user_proc.c(104): warning:  #1-D: last line of file ends without a newline
linking...
Program Size: Code=2792 RO-data=236 RW-data=32 ZI-data=4192  
"Target1.axf" - 0 Error(s), 5 Warning(s).
Load "C:\\Users\\Owner\\Documents\\GitHub\\se350\\Target1.AXF" 
Internal DLL Error
Load "C:\\Users\\Owner\\Documents\\GitHub\\se350\\Target1.AXF" 
Internal DLL Error
Rebuild target 'HelloWorld SIM'
assembling startup_LPC17xx.s...
compiling system_LPC17xx.c...
compiling uart_polling.c...
compiling main.c...
main.c(90): warning:  #223-D: function "process_init" declared implicitly
compiling process.c...
process.c(38): warning:  #223-D: function "s_request_memory_block" declared implicitly
process.c(137): warning:  #177-D: variable "top" was declared but never referenced
process.c(347): warning:  #1-D: last line of file ends without a newline
compiling HAL.c...
compiling user_proc.c...
linking...
Program Size: Code=2792 RO-data=236 RW-data=56 ZI-data=4192  
"Target1.axf" - 0 Error(s), 4 Warning(s).
Rebuild target 'HelloWorld SIM'
assembling startup_LPC17xx.s...
compiling system_LPC17xx.c...
compiling uart_polling.c...
compiling main.c...
main.c(90): warning:  #223-D: function "process_init" declared implicitly
compiling process.c...
process.c(34): error:  #20: identifier "unint32_t" is undefined
process.c(37): warning:  #223-D: function "s_request_memory_block" declared implicitly
process.c(44): error:  #20: identifier "sp" is undefined
process.c(54): error:  #20: identifier "i" is undefined
process.c(65): warning:  #223-D: function "s_request_memory_block" declared implicitly
process.c(143): warning:  #177-D: variable "top" was declared but never referenced
process.c(353): warning:  #1-D: last line of file ends without a newline
compiling HAL.c...
compiling user_proc.c...
Target not created
Rebuild target 'HelloWorld SIM'
assembling startup_LPC17xx.s...
compiling system_LPC17xx.c...
compiling uart_polling.c...
compiling main.c...
main.c(90): warning:  #223-D: function "process_init" declared implicitly
compiling process.c...
process.c(34): error:  #20: identifier "unint32_t" is undefined
process.c(39): warning:  #223-D: function "s_request_memory_block" declared implicitly
process.c(67): warning:  #223-D: function "s_request_memory_block" declared implicitly
process.c(145): warning:  #177-D: variable "top" was declared but never referenced
process.c(355): warning:  #1-D: last line of file ends without a newline
compiling HAL.c...
compiling user_proc.c...
Target not created
Build target 'HelloWorld SIM'
compiling process.c...
process.c(34): error:  #20: identifier "unint32_t" is undefined
process.c(39): warning:  #223-D: function "s_request_memory_block" declared implicitly
process.c(67): warning:  #223-D: function "s_request_memory_block" declared implicitly
process.c(145): warning:  #177-D: variable "top" was declared but never referenced
process.c(355): warning:  #1-D: last line of file ends without a newline
Target not created
Rebuild target 'HelloWorld SIM'
assembling startup_LPC17xx.s...
compiling system_LPC17xx.c...
compiling uart_polling.c...
compiling main.c...
main.c(90): warning:  #223-D: function "process_init" declared implicitly
compiling process.c...
process.c(39): warning:  #223-D: function "s_request_memory_block" declared implicitly
process.c(67): warning:  #223-D: function "s_request_memory_block" declared implicitly
process.c(69): error:  #167: argument of type "void (*)(void)" is incompatible with parameter of type "uint32_t"
process.c(145): warning:  #177-D: variable "top" was declared but never referenced
process.c(355): warning:  #1-D: last line of file ends without a newline
compiling HAL.c...
compiling user_proc.c...
Target not created
Rebuild target 'HelloWorld SIM'
assembling startup_LPC17xx.s...
compiling system_LPC17xx.c...
compiling uart_polling.c...
compiling main.c...
main.c(90): warning:  #223-D: function "process_init" declared implicitly
compiling process.c...
process.c(39): warning:  #223-D: function "s_request_memory_block" declared implicitly
process.c(67): warning:  #223-D: function "s_request_memory_block" declared implicitly
process.c(69): error:  #167: argument of type "uint32_t" is incompatible with parameter of type "uint32_t *"
process.c(69): error:  #167: argument of type "void (*)(void)" is incompatible with parameter of type "uint32_t"
process.c(145): warning:  #177-D: variable "top" was declared but never referenced
process.c(355): warning:  #1-D: last line of file ends without a newline
compiling HAL.c...
compiling user_proc.c...
Target not created
Rebuild target 'HelloWorld SIM'
assembling startup_LPC17xx.s...
compiling system_LPC17xx.c...
compiling uart_polling.c...
compiling main.c...
main.c(90): warning:  #223-D: function "process_init" declared implicitly
compiling process.c...
process.c(39): warning:  #223-D: function "s_request_memory_block" declared implicitly
process.c(67): warning:  #223-D: function "s_request_memory_block" declared implicitly
process.c(145): warning:  #177-D: variable "top" was declared but never referenced
process.c(355): warning:  #1-D: last line of file ends without a newline
compiling HAL.c...
compiling user_proc.c...
linking...
Program Size: Code=2816 RO-data=236 RW-data=56 ZI-data=4192  
"Target1.axf" - 0 Error(s), 5 Warning(s).
Rebuild target 'HelloWorld SIM'
assembling startup_LPC17xx.s...
compiling system_LPC17xx.c...
compiling uart_polling.c...
compiling main.c...
main.c(90): warning:  #223-D: function "process_init" declared implicitly
compiling process.c...
process.c(49): warning:  #9-D: nested comment is not allowed
process.c(54): warning:  #9-D: nested comment is not allowed
process.c(55): warning:  #9-D: nested comment is not allowed
process.c(57): warning:  #9-D: nested comment is not allowed
process.c(68): warning:  #223-D: function "s_request_memory_block" declared implicitly
process.c(165): warning:  #177-D: variable "top" was declared but never referenced
process.c(375): warning:  #1-D: last line of file ends without a newline
compiling HAL.c...
compiling user_proc.c...
linking...
Program Size: Code=2788 RO-data=236 RW-data=56 ZI-data=4192  
"Target1.axf" - 0 Error(s), 8 Warning(s).
Rebuild target 'HelloWorld SIM'
assembling startup_LPC17xx.s...
compiling system_LPC17xx.c...
compiling uart_polling.c...
compiling main.c...
main.c(90): warning:  #223-D: function "process_init" declared implicitly
compiling process.c...
process.c(39): warning:  #223-D: function "s_request_memory_block" declared implicitly
process.c(138): warning:  #177-D: variable "top" was declared but never referenced
process.c(348): warning:  #1-D: last line of file ends without a newline
compiling HAL.c...
compiling user_proc.c...
linking...
Program Size: Code=2792 RO-data=236 RW-data=56 ZI-data=4192  
"Target1.axf" - 0 Error(s), 4 Warning(s).
Rebuild target 'HelloWorld SIM'
assembling startup_LPC17xx.s...
compiling system_LPC17xx.c...
compiling uart_polling.c...
compiling main.c...
main.c(90): warning:  #223-D: function "process_init" declared implicitly
compiling process.c...
process.c(39): warning:  #223-D: function "s_request_memory_block" declared implicitly
process.c(57): error:  #20: identifier "procTestRequestMemoryBlock" is undefined
process.c(79): error:  #20: identifier "procTestReleaseMemoryBlock" is undefined
process.c(101): error:  #20: identifier "procTestSomething" is undefined
process.c(123): warning:  #177-D: variable "top" was declared but never referenced
process.c(333): warning:  #1-D: last line of file ends without a newline
compiling HAL.c...
compiling user_proc.c...
Target not created
Rebuild target 'HelloWorld SIM'
assembling startup_LPC17xx.s...
compiling system_LPC17xx.c...
compiling uart_polling.c...
compiling main.c...
main.c(90): warning:  #223-D: function "process_init" declared implicitly
compiling process.c...
process.c(39): warning:  #223-D: function "s_request_memory_block" declared implicitly
process.c(123): warning:  #177-D: variable "top" was declared but never referenced
process.c(333): warning:  #1-D: last line of file ends without a newline
compiling HAL.c...
compiling user_proc.c...
linking...
Program Size: Code=2692 RO-data=236 RW-data=56 ZI-data=4192  
"Target1.axf" - 0 Error(s), 4 Warning(s).
Rebuild target 'HelloWorld SIM'
assembling startup_LPC17xx.s...
compiling system_LPC17xx.c...
compiling uart_polling.c...
compiling main.c...
main.c(90): warning:  #223-D: function "process_init" declared implicitly
compiling process.c...
process.c(39): warning:  #223-D: function "s_request_memory_block" declared implicitly
process.c(123): warning:  #177-D: variable "top" was declared but never referenced
process.c(333): warning:  #1-D: last line of file ends without a newline
compiling HAL.c...
compiling user_proc.c...
user_proc.c(39): error:  #20: identifier "ret_val" is undefined
user_proc.c(45): error:  #20: identifier "ret_val" is undefined
Target not created
Rebuild target 'HelloWorld SIM'
assembling startup_LPC17xx.s...
compiling system_LPC17xx.c...
compiling uart_polling.c...
compiling main.c...
main.c(90): warning:  #223-D: function "process_init" declared implicitly
compiling process.c...
process.c(39): warning:  #223-D: function "s_request_memory_block" declared implicitly
process.c(123): warning:  #177-D: variable "top" was declared but never referenced
process.c(333): warning:  #1-D: last line of file ends without a newline
compiling HAL.c...
compiling user_proc.c...
linking...
Program Size: Code=2768 RO-data=236 RW-data=56 ZI-data=4192  
"Target1.axf" - 0 Error(s), 4 Warning(s).
Rebuild target 'HelloWorld SIM'
assembling startup_LPC17xx.s...
compiling system_LPC17xx.c...
compiling uart_polling.c...
compiling main.c...
main.c(90): warning:  #223-D: function "process_init" declared implicitly
compiling process.c...
process.c(39): warning:  #223-D: function "s_request_memory_block" declared implicitly
process.c(123): warning:  #177-D: variable "top" was declared but never referenced
process.c(333): warning:  #1-D: last line of file ends without a newline
compiling HAL.c...
compiling user_proc.c...
linking...
Program Size: Code=2744 RO-data=236 RW-data=56 ZI-data=4192  
"Target1.axf" - 0 Error(s), 4 Warning(s).
Build target 'HelloWorld SIM'
compiling process.c...
process.c(39): warning:  #223-D: function "s_request_memory_block" declared implicitly
process.c(123): warning:  #177-D: variable "top" was declared but never referenced
process.c(332): warning:  #1-D: last line of file ends without a newline
linking...
Program Size: Code=2764 RO-data=236 RW-data=56 ZI-data=4192  
"Target1.axf" - 0 Error(s), 3 Warning(s).
Build target 'HelloWorld SIM'
linking...
Program Size: Code=2764 RO-data=236 RW-data=56 ZI-data=4192  
"Target1.axf" - 0 Error(s), 0 Warning(s).
Rebuild target 'HelloWorld SIM'
assembling startup_LPC17xx.s...
compiling system_LPC17xx.c...
compiling uart_polling.c...
compiling main.c...
main.c(90): warning:  #223-D: function "process_init" declared implicitly
compiling process.c...
process.c(39): warning:  #223-D: function "s_request_memory_block" declared implicitly
process.c(123): warning:  #177-D: variable "top" was declared but never referenced
process.c(332): warning:  #1-D: last line of file ends without a newline
compiling HAL.c...
compiling user_proc.c...
linking...
Program Size: Code=2764 RO-data=236 RW-data=56 ZI-data=4192  
"Target1.axf" - 0 Error(s), 4 Warning(s).
Rebuild target 'HelloWorld SIM'
assembling startup_LPC17xx.s...
compiling system_LPC17xx.c...
compiling uart_polling.c...
compiling main.c...
main.c(90): warning:  #223-D: function "process_init" declared implicitly
compiling process.c...
process.c(39): warning:  #223-D: function "s_request_memory_block" declared implicitly
process.c(123): warning:  #177-D: variable "top" was declared but never referenced
process.c(322): warning:  #1-D: last line of file ends without a newline
compiling HAL.c...
compiling user_proc.c...
linking...
Program Size: Code=2764 RO-data=236 RW-data=56 ZI-data=4192  
"Target1.axf" - 0 Error(s), 4 Warning(s).
Build target 'HelloWorld SIM'
compiling user_proc.c...
linking...
Program Size: Code=2780 RO-data=236 RW-data=56 ZI-data=4192  
"Target1.axf" - 0 Error(s), 0 Warning(s).
Build target 'HelloWorld SIM'
linking...
Program Size: Code=2780 RO-data=236 RW-data=56 ZI-data=4192  
"Target1.axf" - 0 Error(s), 0 Warning(s).
Rebuild target 'HelloWorld SIM'
assembling startup_LPC17xx.s...
compiling system_LPC17xx.c...
compiling uart_polling.c...
compiling main.c...
main.c(90): warning:  #223-D: function "process_init" declared implicitly
compiling process.c...
process.c(39): warning:  #223-D: function "s_request_memory_block" declared implicitly
process.c(123): warning:  #177-D: variable "top" was declared but never referenced
process.c(322): warning:  #1-D: last line of file ends without a newline
compiling HAL.c...
compiling user_proc.c...
linking...
Program Size: Code=2780 RO-data=236 RW-data=56 ZI-data=4192  
"Target1.axf" - 0 Error(s), 4 Warning(s).
Rebuild target 'HelloWorld SIM'
assembling startup_LPC17xx.s...
compiling system_LPC17xx.c...
compiling uart_polling.c...
compiling main.c...
main.c(90): warning:  #223-D: function "process_init" declared implicitly
compiling process.c...
process.c(39): warning:  #223-D: function "s_request_memory_block" declared implicitly
process.c(123): warning:  #177-D: variable "top" was declared but never referenced
process.c(322): warning:  #1-D: last line of file ends without a newline
compiling HAL.c...
compiling user_proc.c...
linking...
Program Size: Code=2784 RO-data=236 RW-data=56 ZI-data=4192  
"Target1.axf" - 0 Error(s), 4 Warning(s).
Rebuild target 'HelloWorld SIM'
assembling startup_LPC17xx.s...
compiling system_LPC17xx.c...
compiling uart_polling.c...
compiling main.c...
main.c(90): warning:  #223-D: function "process_init" declared implicitly
compiling process.c...
process.c(39): warning:  #223-D: function "s_request_memory_block" declared implicitly
process.c(123): warning:  #177-D: variable "top" was declared but never referenced
process.c(322): warning:  #1-D: last line of file ends without a newline
compiling HAL.c...
compiling user_proc.c...
user_proc.c(34): warning:  #223-D: function "s_request_memory_block" declared implicitly
linking...
Program Size: Code=2836 RO-data=236 RW-data=56 ZI-data=4192  
"Target1.axf" - 0 Error(s), 5 Warning(s).
Rebuild target 'HelloWorld SIM'
assembling startup_LPC17xx.s...
compiling system_LPC17xx.c...
compiling uart_polling.c...
compiling main.c...
main.c(90): warning:  #223-D: function "process_init" declared implicitly
compiling process.c...
process.c(39): warning:  #223-D: function "s_request_memory_block" declared implicitly
process.c(123): warning:  #177-D: variable "top" was declared but never referenced
process.c(322): warning:  #1-D: last line of file ends without a newline
compiling HAL.c...
compiling user_proc.c...
user_proc.c(34): warning:  #223-D: function "s_request_memory_block" declared implicitly
user_proc.c(54): error:  #20: identifier "seconBlock" is undefined
Target not created
Rebuild target 'HelloWorld SIM'
assembling startup_LPC17xx.s...
compiling system_LPC17xx.c...
compiling uart_polling.c...
compiling main.c...
main.c(90): warning:  #223-D: function "process_init" declared implicitly
compiling process.c...
process.c(39): warning:  #223-D: function "s_request_memory_block" declared implicitly
process.c(123): warning:  #177-D: variable "top" was declared but never referenced
process.c(322): warning:  #1-D: last line of file ends without a newline
compiling HAL.c...
compiling user_proc.c...
user_proc.c(34): warning:  #223-D: function "s_request_memory_block" declared implicitly
user_proc.c(54): error:  #20: identifier "seconnBlock" is undefined
Target not created
Rebuild target 'HelloWorld SIM'
assembling startup_LPC17xx.s...
compiling system_LPC17xx.c...
compiling uart_polling.c...
compiling main.c...
main.c(90): warning:  #223-D: function "process_init" declared implicitly
compiling process.c...
process.c(39): warning:  #223-D: function "s_request_memory_block" declared implicitly
process.c(123): warning:  #177-D: variable "top" was declared but never referenced
process.c(322): warning:  #1-D: last line of file ends without a newline
compiling HAL.c...
compiling user_proc.c...
user_proc.c(34): warning:  #223-D: function "s_request_memory_block" declared implicitly
linking...
Program Size: Code=2860 RO-data=236 RW-data=56 ZI-data=4192  
"Target1.axf" - 0 Error(s), 5 Warning(s).
Rebuild target 'HelloWorld SIM'
assembling startup_LPC17xx.s...
compiling system_LPC17xx.c...
compiling uart_polling.c...
compiling main.c...
main.c(90): warning:  #223-D: function "process_init" declared implicitly
compiling process.c...
process.c(39): warning:  #223-D: function "s_request_memory_block" declared implicitly
process.c(123): warning:  #177-D: variable "top" was declared but never referenced
process.c(322): warning:  #1-D: last line of file ends without a newline
compiling HAL.c...
compiling user_proc.c...
user_proc.c(34): warning:  #223-D: function "s_request_memory_block" declared implicitly
linking...
Program Size: Code=2996 RO-data=312 RW-data=56 ZI-data=4192  
"Target1.axf" - 0 Error(s), 5 Warning(s).
Rebuild target 'HelloWorld SIM'
assembling startup_LPC17xx.s...
compiling system_LPC17xx.c...
compiling uart_polling.c...
compiling main.c...
main.c(90): warning:  #223-D: function "process_init" declared implicitly
compiling process.c...
process.c(39): warning:  #223-D: function "s_request_memory_block" declared implicitly
process.c(123): warning:  #177-D: variable "top" was declared but never referenced
process.c(322): warning:  #1-D: last line of file ends without a newline
compiling HAL.c...
compiling user_proc.c...
user_proc.c(35): warning:  #223-D: function "s_request_memory_block" declared implicitly
linking...
Program Size: Code=2996 RO-data=312 RW-data=56 ZI-data=4192  
"Target1.axf" - 0 Error(s), 5 Warning(s).
Rebuild target 'HelloWorld SIM'
assembling startup_LPC17xx.s...
compiling system_LPC17xx.c...
compiling uart_polling.c...
compiling main.c...
main.c(90): warning:  #223-D: function "process_init" declared implicitly
compiling process.c...
process.c(39): warning:  #223-D: function "s_request_memory_block" declared implicitly
process.c(123): warning:  #177-D: variable "top" was declared but never referenced
process.c(322): warning:  #1-D: last line of file ends without a newline
compiling HAL.c...
compiling user_proc.c...
user_proc.c(35): warning:  #223-D: function "s_request_memory_block" declared implicitly
linking...
Program Size: Code=5820 RO-data=324 RW-data=68 ZI-data=4444  
"Target1.axf" - 0 Error(s), 5 Warning(s).
Rebuild target 'HelloWorld SIM'
assembling startup_LPC17xx.s...
compiling system_LPC17xx.c...
compiling uart_polling.c...
compiling main.c...
main.c(90): warning:  #223-D: function "process_init" declared implicitly
compiling process.c...
process.c(39): warning:  #223-D: function "s_request_memory_block" declared implicitly
process.c(123): warning:  #177-D: variable "top" was declared but never referenced
process.c(322): warning:  #1-D: last line of file ends without a newline
compiling HAL.c...
compiling user_proc.c...
user_proc.c(35): warning:  #223-D: function "s_request_memory_block" declared implicitly
linking...
Program Size: Code=5820 RO-data=324 RW-data=68 ZI-data=4444  
"Target1.axf" - 0 Error(s), 5 Warning(s).
Load "C:\\Users\\Owner\\Documents\\GitHub\\se350\\Target1.AXF" 
Internal DLL Error
Rebuild target 'HelloWorld SIM'
assembling startup_LPC17xx.s...
compiling system_LPC17xx.c...
compiling uart_polling.c...
compiling main.c...
main.c(90): warning:  #223-D: function "process_init" declared implicitly
compiling process.c...
process.c(39): warning:  #223-D: function "s_request_memory_block" declared implicitly
process.c(123): warning:  #177-D: variable "top" was declared but never referenced
process.c(322): warning:  #1-D: last line of file ends without a newline
compiling HAL.c...
compiling user_proc.c...
user_proc.c(35): warning:  #223-D: function "s_request_memory_block" declared implicitly
linking...
Program Size: Code=2996 RO-data=312 RW-data=56 ZI-data=4192  
"Target1.axf" - 0 Error(s), 5 Warning(s).
Rebuild target 'HelloWorld SIM'
assembling startup_LPC17xx.s...
compiling system_LPC17xx.c...
compiling uart_polling.c...
compiling main.c...
main.c(90): warning:  #223-D: function "process_init" declared implicitly
compiling process.c...
process.c(39): warning:  #223-D: function "s_request_memory_block" declared implicitly
process.c(123): warning:  #177-D: variable "top" was declared but never referenced
process.c(322): warning:  #1-D: last line of file ends without a newline
compiling HAL.c...
compiling user_proc.c...
user_proc.c(35): warning:  #223-D: function "s_request_memory_block" declared implicitly
linking...
Program Size: Code=2996 RO-data=312 RW-data=56 ZI-data=4192  
"Target1.axf" - 0 Error(s), 5 Warning(s).
Rebuild target 'HelloWorld SIM'
assembling startup_LPC17xx.s...
compiling system_LPC17xx.c...
compiling uart_polling.c...
compiling main.c...
main.c(90): warning:  #223-D: function "process_init" declared implicitly
compiling process.c...
process.c(39): warning:  #223-D: function "s_request_memory_block" declared implicitly
process.c(123): warning:  #177-D: variable "top" was declared but never referenced
process.c(322): warning:  #1-D: last line of file ends without a newline
compiling HAL.c...
compiling user_proc.c...
user_proc.c(35): warning:  #223-D: function "s_request_memory_block" declared implicitly
user_proc.c(69): warning:  #223-D: function "s_request_memory_block" declared implicitly
user_proc.c(77): warning:  #223-D: function "s_release_memory_block" declared implicitly
linking...
Program Size: Code=3128 RO-data=312 RW-data=56 ZI-data=4192  
"Target1.axf" - 0 Error(s), 7 Warning(s).
Rebuild target 'HelloWorld SIM'
assembling startup_LPC17xx.s...
compiling system_LPC17xx.c...
compiling uart_polling.c...
compiling main.c...
main.c(90): warning:  #223-D: function "process_init" declared implicitly
compiling process.c...
process.c(39): warning:  #223-D: function "s_request_memory_block" declared implicitly
process.c(123): warning:  #177-D: variable "top" was declared but never referenced
process.c(322): warning:  #1-D: last line of file ends without a newline
compiling HAL.c...
compiling user_proc.c...
user_proc.c(35): warning:  #223-D: function "s_request_memory_block" declared implicitly
user_proc.c(69): warning:  #223-D: function "s_request_memory_block" declared implicitly
user_proc.c(78): warning:  #223-D: function "s_release_memory_block" declared implicitly
linking...
Program Size: Code=3212 RO-data=312 RW-data=56 ZI-data=4192  
"Target1.axf" - 0 Error(s), 7 Warning(s).
